/Users/sujaynimmagadda/Documents/workspace-spring-tools-for-eclipse-4.32.2 2.RELEASE/ticket-management-system/notification-service/src/main/java/com/notification/entity/NotificationType.java
/Users/sujaynimmagadda/Documents/workspace-spring-tools-for-eclipse-4.32.2 2.RELEASE/ticket-management-system/notification-service/src/main/java/com/notification/dto/UserDTO.java
/Users/sujaynimmagadda/Documents/workspace-spring-tools-for-eclipse-4.32.2 2.RELEASE/ticket-management-system/notification-service/src/main/java/com/notification/dto/TicketDTO.java
/Users/sujaynimmagadda/Documents/workspace-spring-tools-for-eclipse-4.32.2 2.RELEASE/ticket-management-system/notification-service/src/main/java/com/notification/service/EmailService.java
/Users/sujaynimmagadda/Documents/workspace-spring-tools-for-eclipse-4.32.2 2.RELEASE/ticket-management-system/notification-service/src/main/java/com/notification/client/TicketServiceClientFallback.java
/Users/sujaynimmagadda/Documents/workspace-spring-tools-for-eclipse-4.32.2 2.RELEASE/ticket-management-system/notification-service/src/main/java/com/notification/listener/EventListener.java
/Users/sujaynimmagadda/Documents/workspace-spring-tools-for-eclipse-4.32.2 2.RELEASE/ticket-management-system/notification-service/src/main/java/com/notification/controller/NotificationController.java
/Users/sujaynimmagadda/Documents/workspace-spring-tools-for-eclipse-4.32.2 2.RELEASE/ticket-management-system/notification-service/src/main/java/com/notification/service/NotificationService.java
/Users/sujaynimmagadda/Documents/workspace-spring-tools-for-eclipse-4.32.2 2.RELEASE/ticket-management-system/notification-service/src/main/java/com/notification/entity/NotificationStatus.java
/Users/sujaynimmagadda/Documents/workspace-spring-tools-for-eclipse-4.32.2 2.RELEASE/ticket-management-system/notification-service/src/main/java/com/notification/entity/DeliveryChannel.java
/Users/sujaynimmagadda/Documents/workspace-spring-tools-for-eclipse-4.32.2 2.RELEASE/ticket-management-system/notification-service/src/main/java/com/notification/exception/EmailSendException.java
/Users/sujaynimmagadda/Documents/workspace-spring-tools-for-eclipse-4.32.2 2.RELEASE/ticket-management-system/notification-service/src/main/java/com/notification/config/RabbitMQConfig.java
/Users/sujaynimmagadda/Documents/workspace-spring-tools-for-eclipse-4.32.2 2.RELEASE/ticket-management-system/notification-service/src/main/java/com/notification/dto/NotificationDTO.java
/Users/sujaynimmagadda/Documents/workspace-spring-tools-for-eclipse-4.32.2 2.RELEASE/ticket-management-system/notification-service/src/main/java/com/notification/service/UserService.java
/Users/sujaynimmagadda/Documents/workspace-spring-tools-for-eclipse-4.32.2 2.RELEASE/ticket-management-system/notification-service/src/main/java/com/notification/repository/NotificationRepository.java
/Users/sujaynimmagadda/Documents/workspace-spring-tools-for-eclipse-4.32.2 2.RELEASE/ticket-management-system/notification-service/src/main/java/com/notification/entity/Notification.java
/Users/sujaynimmagadda/Documents/workspace-spring-tools-for-eclipse-4.32.2 2.RELEASE/ticket-management-system/notification-service/src/main/java/com/notification/NotificationServiceApplication.java
/Users/sujaynimmagadda/Documents/workspace-spring-tools-for-eclipse-4.32.2 2.RELEASE/ticket-management-system/notification-service/src/main/java/com/notification/client/TicketServiceClient.java
